// Jest Snapshot v1, https://goo.gl/fbAQLP

exports[`component <InputSearch/> update value when change text 1`] = `
<View
  accessibilityState={
    {
      "busy": undefined,
      "checked": undefined,
      "disabled": undefined,
      "expanded": undefined,
      "selected": undefined,
    }
  }
  accessibilityValue={
    {
      "max": undefined,
      "min": undefined,
      "now": undefined,
      "text": undefined,
    }
  }
  accessible={true}
  collapsable={false}
  focusable={true}
  onClick={[Function]}
  onResponderGrant={[Function]}
  onResponderMove={[Function]}
  onResponderRelease={[Function]}
  onResponderTerminate={[Function]}
  onResponderTerminationRequest={[Function]}
  onStartShouldSetResponder={[Function]}
  style={
    {
      "alignItems": "center",
      "backgroundColor": "#ffffff29",
      "borderBottomLeftRadius": 30,
      "borderBottomRightRadius": 30,
      "borderTopLeftRadius": 30,
      "borderTopRightRadius": 30,
      "flexDirection": "row",
      "height": 51,
      "opacity": 1,
      "paddingHorizontal": 16,
      "width": "100%",
    }
  }
>
  <Text />
  <TextInput
    onChangeText={[Function]}
    onFocus={[MockFunction]}
    placeholder="Search"
    placeholderTextColor="#ffffff99"
    style={
      {
        "color": "#FFFBF5",
        "flexBasis": 0,
        "flexGrow": 1,
        "flexShrink": 1,
        "fontSize": 27,
        "marginLeft": 10,
        "paddingVertical": 13,
      }
    }
    value="mocked input value"
  />
</View>
`;
