// Jest Snapshot v1, https://goo.gl/fbAQLP

exports[`given that the component is rendered render image passed by props 1`] = `
<View
  accessibilityState={
    {
      "busy": undefined,
      "checked": undefined,
      "disabled": undefined,
      "expanded": undefined,
      "selected": undefined,
    }
  }
  accessibilityValue={
    {
      "max": undefined,
      "min": undefined,
      "now": undefined,
      "text": undefined,
    }
  }
  accessible={true}
  collapsable={false}
  focusable={true}
  onClick={[Function]}
  onResponderGrant={[Function]}
  onResponderMove={[Function]}
  onResponderRelease={[Function]}
  onResponderTerminate={[Function]}
  onResponderTerminationRequest={[Function]}
  onStartShouldSetResponder={[Function]}
  style={
    {
      "height": 330,
      "opacity": 1,
      "width": 130,
    }
  }
  testID="playerCard-button"
>
  <Image
    contentFit="cover"
    source="placeholder-image.png"
    style={
      {
        "height": "100%",
        "width": "100%",
      }
    }
  />
</View>
`;
