// Jest Snapshot v1, https://goo.gl/fbAQLP

exports[`<ButtonValorant/> should render ButtonValorant with success 1`] = `
<View
  accessibilityState={
    {
      "busy": undefined,
      "checked": undefined,
      "disabled": undefined,
      "expanded": undefined,
      "selected": undefined,
    }
  }
  accessibilityValue={
    {
      "max": undefined,
      "min": undefined,
      "now": undefined,
      "text": undefined,
    }
  }
  accessible={true}
  collapsable={false}
  focusable={true}
  onClick={[Function]}
  onResponderGrant={[Function]}
  onResponderMove={[Function]}
  onResponderRelease={[Function]}
  onResponderTerminate={[Function]}
  onResponderTerminationRequest={[Function]}
  onStartShouldSetResponder={[Function]}
  style={
    {
      "opacity": 1,
    }
  }
  testID="ButtonValorant"
>
  <View
    style={
      {
        "borderColor": "#FFFBF5",
        "borderStyle": "solid",
        "borderWidth": 1,
        "height": 102,
        "paddingBottom": 5,
        "paddingLeft": 5,
        "paddingRight": 5,
        "paddingTop": 5,
        "width": "100%",
      }
    }
  >
    <View
      style={
        {
          "alignItems": "center",
          "backgroundColor": "#FD4556",
          "flexBasis": 0,
          "flexGrow": 1,
          "flexShrink": 1,
          "justifyContent": "center",
        }
      }
    >
      <Text>
        Render Text
      </Text>
    </View>
  </View>
</View>
`;
